== Errores detectados ==
/tmp/build-debug.log:42:e: [ksp] /home/runner/work/TelegramBackup/TelegramBackup/app/src/main/java/com/iptvplayerpro/data/local/EpgDao.kt:10: [MissingType]: Element 'com.iptvplayerpro.data.local.EpgDao' references a type that is not present
/tmp/build-debug.log:43:e: [ksp] androidx.room.RoomKspProcessor was unable to process 'com.iptvplayerpro.data.local.IptvDatabase' because not all of its dependencies could be resolved. Check for compilation errors or a circular dependency with generated code.
/tmp/build-debug.log:44:e: Error occurred in KSP, check log for detail
/tmp/build-debug.log:47:> Task :app:kspDebugKotlin FAILED
/tmp/build-debug.log:49:FAILURE: Build failed with an exception.
/tmp/build-debug.log:51:* What went wrong:
/tmp/build-debug.log:52:Execution failed for task ':app:kspDebugKotlin'.
/tmp/build-debug.log:62:org.gradle.api.tasks.TaskExecutionException: Execution failed for task ':app:kspDebugKotlin'.
/tmp/build-debug.log:94:Caused by: org.gradle.workers.internal.DefaultWorkerExecutor$WorkExecutionException: A failure occurred while executing org.jetbrains.kotlin.compilerRunner.GradleCompilerRunnerWithWorkers$GradleKotlinCompilerWorkAction
/tmp/build-debug.log:223:Caused by: org.jetbrains.kotlin.gradle.tasks.CompilationErrorException: Compilation error. See log for more details
/tmp/build-release.log:15:Unable to strip the following libraries, packaging them as they are: libandroidx.graphics.path.so, libdatastore_shared_counter.so, libwg-go.so, libwg-quick.so, libwg.so.
/tmp/build-release.log:45:> Task :app:kspReleaseKotlin FAILED
/tmp/build-release.log:46:e: [ksp] /home/runner/work/TelegramBackup/TelegramBackup/app/src/main/java/com/iptvplayerpro/data/local/EpgDao.kt:10: [MissingType]: Element 'com.iptvplayerpro.data.local.EpgDao' references a type that is not present
/tmp/build-release.log:47:e: [ksp] androidx.room.RoomKspProcessor was unable to process 'com.iptvplayerpro.data.local.IptvDatabase' because not all of its dependencies could be resolved. Check for compilation errors or a circular dependency with generated code.
/tmp/build-release.log:48:e: Error occurred in KSP, check log for detail
/tmp/build-release.log:50:FAILURE: Build failed with an exception.
/tmp/build-release.log:52:* What went wrong:
/tmp/build-release.log:53:Execution failed for task ':app:kspReleaseKotlin'.
/tmp/build-release.log:63:org.gradle.api.tasks.TaskExecutionException: Execution failed for task ':app:kspReleaseKotlin'.
/tmp/build-release.log:95:Caused by: org.gradle.workers.internal.DefaultWorkerExecutor$WorkExecutionException: A failure occurred while executing org.jetbrains.kotlin.compilerRunner.GradleCompilerRunnerWithWorkers$GradleKotlinCompilerWorkAction
/tmp/build-release.log:224:Caused by: org.jetbrains.kotlin.gradle.tasks.CompilationErrorException: Compilation error. See log for more details
